[    0.000000] Linux version 4.15.0-47-generic (buildd@lgw01-amd64-001) (gcc version 7.3.0 (Ubuntu 7.3.0-16ubuntu3)) #50-Ubuntu SMP Wed Mar 13 10:44:52 UTC 2019 (Ubuntu 4.15.0-47.50-generic 4.15.18)
[    0.000000] Command line: BOOT_IMAGE=/boot/vmlinuz-4.15.0-47-generic root=LABEL=cloudimg-rootfs ro console=tty1 console=ttyS0
[    0.000000] KERNEL supported cpus:
[    0.000000]   Intel GenuineIntel
[    0.000000]   AMD AuthenticAMD
[    0.000000]   Centaur CentaurHauls
[    0.000000] x86/fpu: Supporting XSAVE feature 0x001: 'x87 floating point registers'
[    0.000000] x86/fpu: Supporting XSAVE feature 0x002: 'SSE registers'
[    0.000000] x86/fpu: Supporting XSAVE feature 0x004: 'AVX registers'
[    0.000000] x86/fpu: xstate_offset[2]:  576, xstate_sizes[2]:  256
[    0.000000] x86/fpu: Enabled xstate features 0x7, context size is 832 bytes, using 'standard' format.
[    0.000000] e820: BIOS-provided physical RAM map:
[    0.000000] BIOS-e820: [mem 0x0000000000000000-0x000000000009fbff] usable
[    0.000000] BIOS-e820: [mem 0x000000000009fc00-0x000000000009ffff] reserved
[    0.000000] BIOS-e820: [mem 0x00000000000f0000-0x00000000000fffff] reserved
[    0.000000] BIOS-e820: [mem 0x0000000000100000-0x000000003ffeffff] usable
[    0.000000] BIOS-e820: [mem 0x000000003fff0000-0x000000003fffffff] ACPI data
[    0.000000] BIOS-e820: [mem 0x00000000fec00000-0x00000000fec00fff] reserved
[    0.000000] BIOS-e820: [mem 0x00000000fee00000-0x00000000fee00fff] reserved
[    0.000000] BIOS-e820: [mem 0x00000000fffc0000-0x00000000ffffffff] reserved
[    0.000000] NX (Execute Disable) protection: active
[    0.000000] SMBIOS 2.5 present.
[    0.000000] DMI: innotek GmbH VirtualBox/VirtualBox, BIOS VirtualBox 12/01/2006
[    0.000000] Hypervisor detected: KVM
[    0.000000] e820: last_pfn = 0x3fff0 max_arch_pfn = 0x400000000
[    0.000000] MTRR: Disabled
[    0.000000] x86/PAT: MTRRs disabled, skipping PAT initialization too.
[    0.000000] CPU MTRRs all blank - virtualized system.
[    0.000000] x86/PAT: Configuration [0-7]: WB  WT  UC- UC  WB  WT  UC- UC  
[    0.000000] found SMP MP-table at [mem 0x0009fff0-0x0009ffff] mapped at [        (ptrval)]
[    0.000000] Scanning 1 areas for low memory corruption
[    0.000000] RAMDISK: [mem 0x35adf000-0x36d66fff]
[    0.000000] ACPI: Early table checksum verification disabled
[    0.000000] ACPI: RSDP 0x00000000000E0000 000024 (v02 VBOX  )
[    0.000000] ACPI: XSDT 0x000000003FFF0030 00003C (v01 VBOX   VBOXXSDT 00000001 ASL  00000061)
[    0.000000] ACPI: FACP 0x000000003FFF00F0 0000F4 (v04 VBOX   VBOXFACP 00000001 ASL  00000061)
[    0.000000] ACPI: DSDT 0x000000003FFF0470 0021FF (v02 VBOX   VBOXBIOS 00000002 INTL 20100528)
[    0.000000] ACPI: FACS 0x000000003FFF0200 000040
[    0.000000] ACPI: FACS 0x000000003FFF0200 000040
[    0.000000] ACPI: APIC 0x000000003FFF0240 000054 (v02 VBOX   VBOXAPIC 00000001 ASL  00000061)
[    0.000000] ACPI: SSDT 0x000000003FFF02A0 0001CC (v01 VBOX   VBOXCPUT 00000002 INTL 20100528)
[    0.000000] No NUMA configuration found
[    0.000000] Faking a node at [mem 0x0000000000000000-0x000000003ffeffff]
[    0.000000] NODE_DATA(0) allocated [mem 0x3ffc5000-0x3ffeffff]
[    0.000000] kvm-clock: cpu 0, msr 0:3ff44001, primary cpu clock
[    0.000000] kvm-clock: Using msrs 4b564d01 and 4b564d00
[    0.000000] kvm-clock: using sched offset of 4866356131 cycles
[    0.000000] clocksource: kvm-clock: mask: 0xffffffffffffffff max_cycles: 0x1cd42e4dffb, max_idle_ns: 881590591483 ns
[    0.000000] Zone ranges:
[    0.000000]   DMA      [mem 0x0000000000001000-0x0000000000ffffff]
[    0.000000]   DMA32    [mem 0x0000000001000000-0x000000003ffeffff]
[    0.000000]   Normal   empty
[    0.000000]   Device   empty
[    0.000000] Movable zone start for each node
[    0.000000] Early memory node ranges
[    0.000000]   node   0: [mem 0x0000000000001000-0x000000000009efff]
[    0.000000]   node   0: [mem 0x0000000000100000-0x000000003ffeffff]
[    0.000000] Reserved but unavailable: 114 pages
[    0.000000] Initmem setup node 0 [mem 0x0000000000001000-0x000000003ffeffff]
[    0.000000] ACPI: PM-Timer IO Port: 0x4008
[    0.000000] IOAPIC[0]: apic_id 1, version 32, address 0xfec00000, GSI 0-23
[    0.000000] ACPI: INT_SRC_OVR (bus 0 bus_irq 0 global_irq 2 dfl dfl)
[    0.000000] ACPI: INT_SRC_OVR (bus 0 bus_irq 9 global_irq 9 low level)
[    0.000000] Using ACPI (MADT) for SMP configuration information
[    0.000000] smpboot: Allowing 1 CPUs, 0 hotplug CPUs
[    0.000000] PM: Registered nosave memory: [mem 0x00000000-0x00000fff]
[    0.000000] PM: Registered nosave memory: [mem 0x0009f000-0x0009ffff]
[    0.000000] PM: Registered nosave memory: [mem 0x000a0000-0x000effff]
[    0.000000] PM: Registered nosave memory: [mem 0x000f0000-0x000fffff]
[    0.000000] e820: [mem 0x40000000-0xfebfffff] available for PCI devices
[    0.000000] Booting paravirtualized kernel on KVM
[    0.000000] clocksource: refined-jiffies: mask: 0xffffffff max_cycles: 0xffffffff, max_idle_ns: 7645519600211568 ns
[    0.000000] random: get_random_bytes called from start_kernel+0x99/0x4fd with crng_init=0
[    0.000000] setup_percpu: NR_CPUS:8192 nr_cpumask_bits:1 nr_cpu_ids:1 nr_node_ids:1
[    0.000000] percpu: Embedded 46 pages/cpu @        (ptrval) s151552 r8192 d28672 u2097152
[    0.000000] PV qspinlock hash table entries: 256 (order: 0, 4096 bytes)
[    0.000000] Built 1 zonelists, mobility grouping on.  Total pages: 257913
[    0.000000] Policy zone: DMA32
[    0.000000] Kernel command line: BOOT_IMAGE=/boot/vmlinuz-4.15.0-47-generic root=LABEL=cloudimg-rootfs ro console=tty1 console=ttyS0
[    0.000000] Memory: 983792K/1048120K available (12300K kernel code, 2473K rwdata, 4252K rodata, 2408K init, 2416K bss, 64328K reserved, 0K cma-reserved)
[    0.000000] SLUB: HWalign=64, Order=0-3, MinObjects=0, CPUs=1, Nodes=1
[    0.000000] Kernel/User page tables isolation: enabled
[    0.000000] ftrace: allocating 39206 entries in 154 pages
[    0.004000] Hierarchical RCU implementation.
[    0.004000] 	RCU restricting CPUs from NR_CPUS=8192 to nr_cpu_ids=1.
[    0.004000] 	Tasks RCU enabled.
[    0.004000] RCU: Adjusting geometry for rcu_fanout_leaf=16, nr_cpu_ids=1
[    0.004000] NR_IRQS: 524544, nr_irqs: 256, preallocated irqs: 16
[    0.004000] Console: colour VGA+ 80x25
[    0.004000] console [tty1] enabled
[    0.004000] console [ttyS0] enabled
[    0.004000] ACPI: Core revision 20170831
[    0.004000] ACPI: 2 ACPI AML tables successfully acquired and loaded
[    0.004000] APIC: Switch to symmetric I/O mode setup
[    0.004555] x2apic enabled
[    0.008006] Switched APIC routing to physical x2apic.
[    0.019155] ..TIMER: vector=0x30 apic1=0 pin1=2 apic2=-1 pin2=-1
[    0.020003] tsc: Detected 2394.560 MHz processor
[    0.024011] Calibrating delay loop (skipped) preset value.. 4789.12 BogoMIPS (lpj=9578240)
[    0.028005] pid_max: default: 32768 minimum: 301
[    0.032063] Security Framework initialized
[    0.035331] Yama: becoming mindful.
[    0.036039] AppArmor: AppArmor initialized
[    0.048079] Dentry cache hash table entries: 131072 (order: 8, 1048576 bytes)
[    0.052107] Inode-cache hash table entries: 65536 (order: 7, 524288 bytes)
[    0.056030] Mount-cache hash table entries: 2048 (order: 2, 16384 bytes)
[    0.060014] Mountpoint-cache hash table entries: 2048 (order: 2, 16384 bytes)
[    0.064477] mce: CPU supports 0 MCE banks
[    0.068019] process: using mwait in idle threads
[    0.072013] Last level iTLB entries: 4KB 512, 2MB 8, 4MB 8
[    0.076008] Last level dTLB entries: 4KB 512, 2MB 32, 4MB 32, 1GB 0
[    0.080008] Spectre V2 : Mitigation: Full generic retpoline
[    0.084003] Spectre V2 : Spectre v2 / SpectreRSB mitigation: Filling RSB on context switch
[    0.088003] Speculative Store Bypass: Vulnerable
[    0.105251] Freeing SMP alternatives memory: 36K
[    0.112000] smpboot: CPU0: Intel(R) Core(TM) i7-3630QM CPU @ 2.40GHz (family: 0x6, model: 0x3a, stepping: 0x9)
[    0.112130] Performance Events: unsupported p6 CPU model 58 no PMU driver, software events only.
[    0.116067] Hierarchical SRCU implementation.
[    0.124013] NMI watchdog: Perf event create on CPU 0 failed with -2
[    0.128002] NMI watchdog: Perf NMI watchdog permanently disabled
[    0.132061] smp: Bringing up secondary CPUs ...
[    0.136004] smp: Brought up 1 node, 1 CPU
[    0.140005] smpboot: Max logical packages: 1
[    0.144005] smpboot: Total of 1 processors activated (4789.12 BogoMIPS)
[    0.148196] devtmpfs: initialized
[    0.152111] x86/mm: Memory block size: 128MB
[    0.156414] evm: security.selinux
[    0.160005] evm: security.SMACK64
[    0.160998] evm: security.SMACK64EXEC
[    0.162069] evm: security.SMACK64TRANSMUTE
[    0.163275] evm: security.SMACK64MMAP
[    0.164003] evm: security.apparmor
[    0.168003] evm: security.ima
[    0.172002] evm: security.capability
[    0.176271] clocksource: jiffies: mask: 0xffffffff max_cycles: 0xffffffff, max_idle_ns: 7645041785100000 ns
[    0.180012] futex hash table entries: 256 (order: 2, 16384 bytes)
[    0.184065] pinctrl core: initialized pinctrl subsystem
[    0.185724] RTC time: 21:48:28, date: 06/11/19
[    0.188191] NET: Registered protocol family 16
[    0.189714] audit: initializing netlink subsys (disabled)
[    0.191478] cpuidle: using governor ladder
[    0.192003] cpuidle: using governor menu
[    0.193270] ACPI: bus type PCI registered
[    0.194444] acpiphp: ACPI Hot Plug PCI Controller Driver version: 0.5
[    0.196006] audit: type=2000 audit(1560289712.954:1): state=initialized audit_enabled=0 res=1
[    0.198519] PCI: Using configuration type 1 for base access
[    0.204258] HugeTLB registered 2.00 MiB page size, pre-allocated 0 pages
[    0.208000] ACPI: Added _OSI(Module Device)
[    0.208008] ACPI: Added _OSI(Processor Device)
[    0.212007] ACPI: Added _OSI(3.0 _SCP Extensions)
[    0.216005] ACPI: Added _OSI(Processor Aggregator Device)
[    0.220023] ACPI: Added _OSI(Linux-Dell-Video)
[    0.224025] ACPI: Added _OSI(Linux-Lenovo-NV-HDMI-Audio)
[    0.228004] ACPI: Added _OSI(Linux-HPI-Hybrid-Graphics)
[    0.232493] ACPI: Executed 1 blocks of module-level executable AML code
[    0.252841] ACPI: Interpreter enabled
[    0.256037] ACPI: (supports S0 S5)
[    0.260008] ACPI: Using IOAPIC for interrupt routing
[    0.264849] PCI: Using host bridge windows from ACPI; if necessary, use "pci=nocrs" and report a bug
[    0.268463] ACPI: Enabled 2 GPEs in block 00 to 07
[    0.302530] ACPI: PCI Root Bridge [PCI0] (domain 0000 [bus 00-ff])
[    0.304012] acpi PNP0A03:00: _OSC: OS supports [ASPM ClockPM Segments MSI]
[    0.308064] acpi PNP0A03:00: _OSC: not requesting OS control; OS requires [ExtendedConfig ASPM ClockPM MSI]
[    0.312039] acpi PNP0A03:00: fail to add MMCONFIG information, can't access extended PCI configuration space under this bridge.
[    0.316812] PCI host bridge to bus 0000:00
[    0.324034] pci_bus 0000:00: root bus resource [io  0x0000-0x0cf7 window]
[    0.326311] pci_bus 0000:00: root bus resource [io  0x0d00-0xffff window]
[    0.328009] pci_bus 0000:00: root bus resource [mem 0x000a0000-0x000bffff window]
[    0.330972] pci_bus 0000:00: root bus resource [mem 0x40000000-0xfdffffff window]
[    0.332027] pci_bus 0000:00: root bus resource [bus 00-ff]
[    0.341122] pci 0000:00:01.1: legacy IDE quirk: reg 0x10: [io  0x01f0-0x01f7]
[    0.344012] pci 0000:00:01.1: legacy IDE quirk: reg 0x14: [io  0x03f6]
[    0.348010] pci 0000:00:01.1: legacy IDE quirk: reg 0x18: [io  0x0170-0x0177]
[    0.352011] pci 0000:00:01.1: legacy IDE quirk: reg 0x1c: [io  0x0376]
[    0.377213] pci 0000:00:07.0: quirk: [io  0x4000-0x403f] claimed by PIIX4 ACPI
[    0.380030] pci 0000:00:07.0: quirk: [io  0x4100-0x410f] claimed by PIIX4 SMB
[    0.397079] ACPI: PCI Interrupt Link [LNKA] (IRQs 5 9 10 *11)
[    0.400786] ACPI: PCI Interrupt Link [LNKB] (IRQs 5 9 *10 11)
[    0.404328] ACPI: PCI Interrupt Link [LNKC] (IRQs 5 *9 10 11)
[    0.412062] ACPI: PCI Interrupt Link [LNKD] (IRQs 5 9 10 *11)
[    0.416653] SCSI subsystem initialized
[    0.420165] pci 0000:00:02.0: vgaarb: setting as boot VGA device
[    0.424000] pci 0000:00:02.0: vgaarb: VGA device added: decodes=io+mem,owns=io+mem,locks=none
[    0.424012] pci 0000:00:02.0: vgaarb: bridge control possible
[    0.425611] vgaarb: loaded
[    0.428070] ACPI: bus type USB registered
[    0.429299] usbcore: registered new interface driver usbfs
[    0.432035] usbcore: registered new interface driver hub
[    0.436033] usbcore: registered new device driver usb
[    0.440105] EDAC MC: Ver: 3.0.0
[    0.441516] PCI: Using ACPI for IRQ routing
[    0.444435] NetLabel: Initializing
[    0.445477] NetLabel:  domain hash size = 128
[    0.446756] NetLabel:  protocols = UNLABELED CIPSOv4 CALIPSO
[    0.448044] NetLabel:  unlabeled traffic allowed by default
[    0.452238] clocksource: Switched to clocksource kvm-clock
[    0.496521] VFS: Disk quotas dquot_6.6.0
[    0.497751] VFS: Dquot-cache hash table entries: 512 (order 0, 4096 bytes)
[    0.499855] AppArmor: AppArmor Filesystem Enabled
[    0.501260] pnp: PnP ACPI init
[    0.504902] pnp: PnP ACPI: found 3 devices
[    0.513123] clocksource: acpi_pm: mask: 0xffffff max_cycles: 0xffffff, max_idle_ns: 2085701024 ns
[    0.590579] NET: Registered protocol family 2
[    0.603523] TCP established hash table entries: 8192 (order: 4, 65536 bytes)
[    0.612416] TCP bind hash table entries: 8192 (order: 5, 131072 bytes)
[    0.614527] TCP: Hash tables configured (established 8192 bind 8192)
[    0.629629] UDP hash table entries: 512 (order: 2, 16384 bytes)
[    0.648654] UDP-Lite hash table entries: 512 (order: 2, 16384 bytes)
[    0.660936] NET: Registered protocol family 1
[    0.670925] pci 0000:00:00.0: Limiting direct PCI/PCI transfers
[    0.673512] pci 0000:00:01.0: Activating ISA DMA hang workarounds
[    0.679052] pci 0000:00:02.0: Video device with shadowed ROM at [mem 0x000c0000-0x000dffff]
[    0.682310] Unpacking initramfs...
[    1.504283] Freeing initrd memory: 18976K
[    1.534723] platform rtc_cmos: registered platform RTC device (no PNP device found)
[    1.536942] Scanning for low memory corruption every 60 seconds
[    1.539432] Initialise system trusted keyrings
[    1.540731] Key type blacklist registered
[    1.541936] workingset: timestamp_bits=36 max_order=18 bucket_order=0
[    1.555666] zbud: loaded
[    1.561432] squashfs: version 4.0 (2009/01/31) Phillip Lougher
[    1.563300] fuse init (API version 7.26)
[    1.566272] Key type asymmetric registered
[    1.567467] Asymmetric key parser 'x509' registered
[    1.568940] Block layer SCSI generic (bsg) driver version 0.4 loaded (major 246)
[    1.571057] io scheduler noop registered
[    1.572195] io scheduler deadline registered
[    1.573490] io scheduler cfq registered (default)
[    1.575209] ACPI: AC Adapter [AC] (on-line)
[    1.577914] input: Power Button as /devices/LNXSYSTM:00/LNXPWRBN:00/input/input0
[    1.580070] ACPI: Power Button [PWRF]
[    1.581318] input: Sleep Button as /devices/LNXSYSTM:00/LNXSLPBN:00/input/input1
[    1.583437] ACPI: Sleep Button [SLPF]
[    1.586877] ACPI: Battery Slot [BAT0] (battery present)
[    1.588540] Serial: 8250/16550 driver, 32 ports, IRQ sharing enabled
[    1.614319] 00:02: ttyS0 at I/O 0x3f8 (irq = 4, base_baud = 115200) is a 16550A
[    1.636732] Linux agpgart interface v0.103
[    1.685713] loop: module loaded
[    1.707951] scsi host0: ata_piix
[    1.710730] scsi host1: ata_piix
[    1.712063] ata1: PATA max UDMA/33 cmd 0x1f0 ctl 0x3f6 bmdma 0xd000 irq 14
[    1.733178] ata2: PATA max UDMA/33 cmd 0x170 ctl 0x376 bmdma 0xd008 irq 15
[    1.770608] libphy: Fixed MDIO Bus: probed
[    1.772314] tun: Universal TUN/TAP device driver, 1.6
[    1.773976] PPP generic driver version 2.4.2
[    1.782820] ehci_hcd: USB 2.0 'Enhanced' Host Controller (EHCI) Driver
[    1.784634] ehci-pci: EHCI PCI platform driver
[    1.785949] ehci-platform: EHCI generic platform driver
[    1.787433] ohci_hcd: USB 1.1 'Open' Host Controller (OHCI) Driver
[    1.789171] ohci-pci: OHCI PCI platform driver
[    1.790483] ohci-platform: OHCI generic platform driver
[    1.800063] uhci_hcd: USB Universal Host Controller Interface driver
[    1.805741] i8042: PNP: PS/2 Controller [PNP0303:PS2K,PNP0f03:PS2M] at 0x60,0x64 irq 1,12
[    1.808707] serio: i8042 KBD port at 0x60,0x64 irq 1
[    1.810171] serio: i8042 AUX port at 0x60,0x64 irq 12
[    1.811697] mousedev: PS/2 mouse device common for all mice
[    1.813673] input: AT Translated Set 2 keyboard as /devices/platform/i8042/serio0/input/input2
[    1.816665] rtc_cmos rtc_cmos: rtc core: registered rtc_cmos as rtc0
[    1.818454] rtc_cmos rtc_cmos: alarms up to one day, 114 bytes nvram
[    1.820150] i2c /dev entries driver
[    1.821266] pcie_mp2_amd: AMD(R) PCI-E MP2 Communication Driver Version: 1.0
[    1.823255] device-mapper: uevent: version 1.0.3
[    1.824722] device-mapper: ioctl: 4.37.0-ioctl (2017-09-20) initialised: dm-devel@redhat.com
[    1.831011] ledtrig-cpu: registered to indicate activity on CPUs
[    1.833294] NET: Registered protocol family 10
[    1.839680] Segment Routing with IPv6
[    1.849011] NET: Registered protocol family 17
[    1.866185] Key type dns_resolver registered
[    1.869568] RAS: Correctable Errors collector initialized.
[    1.899286] sched_clock: Marking stable (1899234394, 0)->(5222109272, -3322874878)
[    1.904876] registered taskstats version 1
[    1.906090] Loading compiled-in X.509 certificates
[    1.910860] Loaded X.509 cert 'Build time autogenerated kernel key: 7211859d1298c08a101905a3cb814e8c7b4bf4a4'
[    1.919178] zswap: loaded using pool lzo/zbud
[    1.925447] Key type big_key registered
[    1.926625] Key type trusted registered
[    1.930345] Key type encrypted registered
[    1.931563] AppArmor: AppArmor sha1 policy hashing enabled
[    1.933493] ima: No TPM chip found, activating TPM-bypass! (rc=-19)
[    1.935238] ima: Allocated hash algorithm: sha1
[    1.936627] evm: HMAC attrs: 0x1
[    1.938175]   Magic number: 7:841:853
[    1.949214] rtc_cmos rtc_cmos: setting system clock to 2019-06-11 21:48:31 UTC (1560289711)
[    1.951653] BIOS EDD facility v0.16 2004-Jun-25, 0 devices found
[    1.953324] EDD information not available.
[    1.964474] Freeing unused kernel memory: 2408K
[    1.972049] Write protecting the kernel read-only data: 20480k
[    1.976493] Freeing unused kernel memory: 2008K
[    2.003418] Freeing unused kernel memory: 1892K
[    2.047374] x86/mm: Checked W+X mappings: passed, no W+X pages found.
[    2.056967] x86/mm: Checking user space page tables
[    2.102674] x86/mm: Checked W+X mappings: passed, no W+X pages found.
Loading, please wait...
starting version 237
[    2.274186] e1000: Intel(R) PRO/1000 Network Driver - version 7.3.21-k8-NAPI
[    2.329227] e1000: Copyright (c) 1999-2006 Intel Corporation.
[    2.336567] Fusion MPT base driver 3.04.20
[    2.341525] Copyright (c) 1999-2008 LSI Corporation
[    2.392287] Fusion MPT SPI Host driver 3.04.20
[    2.424039] AVX version of gcm_enc/dec engaged.
[    2.425395] AES CTR mode by8 optimization enabled
[    2.451024] mptbase: ioc0: Initiating bringup
[    2.559835] input: ImExPS/2 Generic Explorer Mouse as /devices/platform/i8042/serio1/input/input4
[    2.623281] tsc: Refined TSC clocksource calibration: 2394.536 MHz
[    2.640489] clocksource: tsc: mask: 0xffffffffffffffff max_cycles: 0x22840dd5a5f, max_idle_ns: 440795250525 ns
[    2.713242] ioc0: LSI53C1030 A0: Capabilities={Initiator}
[    2.978476] scsi host2: ioc0: LSI53C1030 A0, FwRev=00000000h, Ports=1, MaxQ=256, IRQ=20
[    3.201087] scsi 2:0:0:0: Direct-Access     VBOX     HARDDISK         1.0  PQ: 0 ANSI: 5
[    3.236417] scsi target2:0:0: Beginning Domain Validation
[    3.256105] random: fast init done
[    3.273721] scsi target2:0:0: Domain Validation skipping write tests
[    3.315356] scsi target2:0:0: Ending Domain Validation
[    3.359435] scsi target2:0:0: asynchronous
[    3.421778] scsi 2:0:1:0: Direct-Access     VBOX     HARDDISK         1.0  PQ: 0 ANSI: 5
[    3.435809] scsi target2:0:1: Beginning Domain Validation
[    3.493311] scsi target2:0:1: Domain Validation skipping write tests
[    3.509539] scsi target2:0:1: Ending Domain Validation
[    3.593607] scsi target2:0:1: asynchronous
[    3.693216] sd 2:0:0:0: [sda] 20971520 512-byte logical blocks: (10.7 GB/10.0 GiB)
[    3.710146] sd 2:0:0:0: Attached scsi generic sg0 type 0
[    3.725159] random: systemd-udevd: uninitialized urandom read (16 bytes read)
[    3.727123] random: systemd-udevd: uninitialized urandom read (16 bytes read)
[    3.753638] sd 2:0:0:0: [sda] Write Protect is off
[    3.756762] sd 2:0:1:0: Attached scsi generic sg1 type 0
[    3.796146] sd 2:0:1:0: [sdb] 20480 512-byte logical blocks: (10.5 MB/10.0 MiB)
[    3.830943] sd 2:0:0:0: [sda] Incomplete mode parameter data
[    3.845242] sd 2:0:0:0: [sda] Assuming drive cache: write through
[    3.885572] sd 2:0:1:0: [sdb] Write Protect is off
[    3.897661] sd 2:0:1:0: [sdb] Incomplete mode parameter data
[    3.922599] sd 2:0:1:0: [sdb] Assuming drive cache: write through
[    3.952626] random: systemd-udevd: uninitialized urandom read (16 bytes read)
[    4.028958]  sda: sda1
[    4.117192] sd 2:0:1:0: [sdb] Attached SCSI disk
[    4.152028] sd 2:0:0:0: [sda] Attached SCSI disk
[    4.204121] e1000 0000:00:03.0 eth0: (PCI:33MHz:32-bit) 02:b7:91:53:ac:49
[    4.280582] e1000 0000:00:03.0 eth0: Intel(R) PRO/1000 Network Connection
[    4.353728] e1000 0000:00:03.0 enp0s3: renamed from eth0
Begin: Loading essential drivers ... [    6.352399] raid6: sse2x1   gen()  2754 MB/s
[    6.431945] raid6: sse2x1   xor()  1402 MB/s
[    6.492044] raid6: sse2x2   gen()  6337 MB/s
[    6.540132] raid6: sse2x2   xor()  2869 MB/s
[    6.588159] raid6: sse2x4   gen()  6916 MB/s
[    6.648195] raid6: sse2x4   xor()  3933 MB/s
[    6.663214] raid6: using algorithm sse2x4 gen() 6916 MB/s
[    6.664778] raid6: .... xor() 3933 MB/s, rmw enabled
[    6.666177] raid6: using ssse3x2 recovery algorithm
[    6.670077] xor: automatically using best checksumming function   avx       
[    6.674256] async_tx: api initialized (async)
done.
Begin: Running /scripts/init-premount ... done.
Begin: Mounting root file system ... Begin: Running /scripts/local-top ... done.
Begin: Running /scripts/local-premount ... [    6.797344] Btrfs loaded, crc32c=crc32c-intel
Scanning for Btrfs filesystems
done.
Warning: fsck not present, so skipping root file system
[    6.867444] EXT4-fs (sda1): mounted filesystem with ordered data mode. Opts: (null)
done.
Begin: Running /scripts/local-bottom ... done.
Begin: Running /scripts/init-bottom ... done.
[    7.130264] ip_tables: (C) 2000-2006 Netfilter Core Team
[    7.183705] systemd[1]: systemd 237 running in system mode. (+PAM +AUDIT +SELINUX +IMA +APPARMOR +SMACK +SYSVINIT +UTMP +LIBCRYPTSETUP +GCRYPT +GNUTLS +ACL +XZ +LZ4 +SECCOMP +BLKID +ELFUTILS +KMOD -IDN2 +IDN -PCRE2 default-hierarchy=hybrid)
[    7.232632] systemd[1]: Detected virtualization oracle.
[    7.247718] systemd[1]: Detected architecture x86-64.

Welcome to [1mUbuntu 18.04.2 LTS[0m!

[    7.276525] systemd[1]: Set hostname to <ubuntu>.
[    7.303139] systemd[1]: Initializing machine ID from random generator.
[    7.305007] systemd[1]: Installed transient /etc/machine-id file.
[    7.648572] systemd[1]: Created slice System Slice.
[[0;32m  OK  [0m] Created slice System Slice.
[    7.666993] systemd[1]: Set up automount Arbitrary Executable File Formats File System Automount Point.
[[0;32m  OK  [0m] Set up automount Arbitrary Executabâ€¦rmats File System Automount Point.
[    7.752213] systemd[1]: Listening on Journal Socket (/dev/log).
[[0;32m  OK  [0m] Listening on Journal Socket (/dev/log).
[    7.775980] systemd[1]: Listening on Syslog Socket.
[[0;32m  OK  [0m] Listening on Syslog Socket.
[[0;32m  OK  [0m] Listening on /dev/initctl Compatibility Named Pipe.
[[0;32m  OK  [0m] Listening on Journal Audit Socket.
[[0;32m  OK  [0m] Reached target Swap.
[[0;32m  OK  [0m] Started Forward Password Requests to Wall Directory Watch.
[[0;32m  OK  [0m] Reached target User and Group Name Lookups.
[[0;32m  OK  [0m] Reached target System Time Synchronized.
[[0;32m  OK  [0m] Created slice system-serial\x2dgetty.slice.
[[0;32m  OK  [0m] Listening on LVM2 metadata daemon socket.
[[0;32m  OK  [0m] Listening on udev Kernel Socket.
[[0;32m  OK  [0m] Listening on Device-mapper event daemon FIFOs.
[[0;32m  OK  [0m] Listening on Network Service Netlink Socket.
[[0;32m  OK  [0m] Listening on Journal Socket.
         Mounting POSIX Message Queue File System...
         Starting Journal Service...
         Starting Uncomplicated firewall...
         Starting Load Kernel Modules...
         Mounting Huge Pages File System...
         Starting Create list of required stâ€¦ce nodes for the current k[    8.064879] Loading iSCSI transport class v2.0-870.
ernel...
         Starting Remount Root and Kernel File Systems...
         Starting Set the console keyboard layout...
         Starting Monitoring of LVM2 mirrorsâ€¦ng dmeventd or progress polling...
[[0;32m  OK  [0m] Listening on LVM2 poll daemon socket.
[[0;32m  OK  [0m] Created slice User and Session Slice.
[    8.129431] iscsi: registered transport (tcp)
[[0;32m  OK  [0m] Reached target Slices.
         Mounting Kernel Debug File System...
[[0;32m  OK  [0m] Listening on udev Control Socket.
         Starting udev Coldplug all Devices...
[[0;32m  OK  [0m] Started Journal Service.
[[0;32m  OK  [0m] Mounted POSIX Message Queue File System.
[[0;32m  OK  [0m] Started Uncomplicated firewall.
[[0;32m  OK  [0m] Mounted Huge Pages File System.
[[0;32m  OK  [0m] Started Create list of required staâ€¦vice nodes for the current kernel.
[[0;32m  OK  [0m] Mounted Kernel Debug File System.
         Starting Create Static Device Nodes in /dev...
[    8.202433] EXT4-fs (sda1): re-mounted. Opts: (null)
[[0;32m  OK  [0m] Started Remount Root and Kernel File Systems.
         Starting Initial cloud-init job (pre-networking)...
         Starting Flush Journal to Persistent Storage...
         Starting Load/Save Random Seed...
[[0;32m  OK  [0m] Started LVM2 metadata daemon.
[    8.336729] systemd-journald[379]: Received request to flush runtime journal from PID 1
[[0;32m  OK  [0m] Started Create Static Device Nodes in /dev.
         Starting udev Kernel Device Manager...
[[0;32m  OK  [0m] Started Load/Save Random Seed.
[    8.447573] iscsi: registered transport (iser)
[[0;32m  OK  [0m] Started udev Coldplug all Devices.
[[0;32m  OK  [0m] Started Load Kernel Modules.
         Mounting Kernel Configuration File System...
         Mounting FUSE Control File System...
         Starting Apply Kernel Variables...
[[0;32m  OK  [0m] Started udev Kernel Device Manager.
[[0;32m  OK  [0m] Started Monitoring of LVM2 mirrors,â€¦sing dmeventd or progress polling.
[[0;32m  OK  [0m] Started Flush Journal to Persistent Storage.
[[0;32m  OK  [0m] Mounted Kernel Configuration File System.
[[0;32m  OK  [0m] Mounted FUSE Control File System.
[[0;32m  OK  [0m] Started Apply Kernel Variables.
[[0;32m  OK  [0m] Started Set the console keyboard layout.
[[0;32m  OK  [0m] Reached target Local File Systems (Pre).
[[0;32m  OK  [0m] Reached target Local File Systems.
         Starting AppArmor initialization...
         Starting Tell Plymouth To Write Out Runtime Data...
         Starting Create Volatile Files and Directories...
         Starting Commit a transient machine-id on disk...
         Starting ebtables ruleset management...
         Starting Set console font and keymap...
[[0;32m  OK  [0m] Started Dispatch Password Requests to Console Directory Watch.
[[0;32m  OK  [0m] Reached target Local Encrypted Volumes.
[[0;32m  OK  [0m] Started Tell Plymouth To Write Out Runtime Data.
[[0;32m  OK  [0m] Started Commit a transient machine-id on disk.
[[0;32m  OK  [0m] Started Create Volatile Files and Directories.
[[0;32m  OK  [0m] Started Set console font and keymap.
         Starting Update UTMP about System Boot/Shutdown...
[[0;32m  OK  [0m] Started Update UTMP about System Boot/Shutdown.
[[0;32m  OK  [0m] Started ebtables ruleset management.
[[0;32m  OK  [0m] Found device /dev/ttyS0.
[[0;32m  OK  [0m] Listening on Load/Save RF Kill Switch Status /dev/rfkill Watch.
[   13.403662] cloud-init[393]: Cloud-init v. 18.5-45-g3554ffe8-0ubuntu1~18.04.1 running 'init-local' at Tue, 11 Jun 2019 21:48:41 +0000. Up 11.76 seconds.
[[0;32m  OK  [0m] Started Initial cloud-init job (pre-networking).
[[0;32m  OK  [0m] Reached target Network (Pre).
         Starting Network Service...
[[0;32m  OK  [0m] Started Network Service.
         Starting Network Name Resolution...
         Starting Wait for Network to be Configured...
[[0;32m  OK  [0m] Started Network Name Resolution.
[[0;32m  OK  [0m] Reached target Host and Network Name Lookups.
[[0;32m  OK  [0m] Reached target Network.
[[0;32m  OK  [0m] Started AppArmor initialization.
[[0;32m  OK  [0m] Started Wait for Network to be Configured.
         Starting Initial cloud-init job (metadata service crawler)...
[   16.775434] cloud-init[630]: Cloud-init v. 18.5-45-g3554ffe8-0ubuntu1~18.04.1 running 'init' at Tue, 11 Jun 2019 21:48:46 +0000. Up 16.46 seconds.
[   16.820583] cloud-init[630]: ci-info: ++++++++++++++++++++++++++++++++++++++Net device info++++++++++++++++++++++++++++++++++++++
[   16.852269] cloud-init[630]: ci-info: +--------+------+----------------------------+---------------+--------+-------------------+
[   16.857742] cloud-init[630]: ci-info: | Device |  Up  |          Address           |      Mask     | Scope  |     Hw-Address    |
[   16.860505] cloud-init[630]: ci-info: +--------+------+----------------------------+---------------+--------+-------------------+
[   16.864881] cloud-init[630]: ci-info: | enp0s3 | True |         10.0.2.15          | 255.255.255.0 | global | 02:b7:91:53:ac:49 |
[   16.868582] cloud-init[630]: ci-info: | enp0s3 | True | fe80::b7:91ff:fe53:ac49/64 |       .       |  link  | 02:b7:91:53:ac:49 |
[   16.873395] cloud-init[630]: ci-info: |   lo   | True |         127.0.0.1          |   255.0.0.0   |  host  |         .         |
[   16.880045] cloud-init[630]: ci-info: |   lo   | True |          ::1/128           |       .       |  host  |         .         |
[   16.908237] cloud-init[630]: ci-info: +--------+------+----------------------------+---------------+--------+-------------------+
[   16.915486] cloud-init[630]: ci-info: ++++++++++++++++++++++++++++Route IPv4 info+++++++++++++++++++++++++++++
[   16.918175] cloud-init[630]: ci-info: +-------+-------------+----------+-----------------+-----------+-------+
[   16.924942] cloud-init[630]: ci-info: | Route | Destination | Gateway  |     Genmask     | Interface | Flags |
[   16.948388] cloud-init[630]: ci-info: +-------+-------------+----------+-----------------+-----------+-------+
[   16.976707] cloud-init[630]: ci-info: |   0   |   0.0.0.0   | 10.0.2.2 |     0.0.0.0     |   enp0s3  |   UG  |
[   16.987563] cloud-init[630]: ci-info: |   1   |   10.0.2.0  | 0.0.0.0  |  255.255.255.0  |   enp0s3  |   U   |
[   16.992247] cloud-init[630]: ci-info: |   2   |   10.0.2.2  | 0.0.0.0  | 255.255.255.255 |   enp0s3  |   UH  |
[   17.009615] cloud-init[630]: ci-info: +-------+-------------+----------+-----------------+-----------+-------+
[   17.033735] cloud-init[630]: ci-info: +++++++++++++++++++Route IPv6 info+++++++++++++++++++
[   17.051399] cloud-init[630]: ci-info: +-------+-------------+---------+-----------+-------+
[   17.060135] cloud-init[630]: ci-info: | Route | Destination | Gateway | Interface | Flags |
[   17.062408] cloud-init[630]: ci-info: +-------+-------------+---------+-----------+-------+
[   17.065572] cloud-init[630]: ci-info: |   1   |  fe80::/64  |    ::   |   enp0s3  |   U   |
[   17.100347] cloud-init[630]: ci-info: |   3   |    local    |    ::   |   enp0s3  |   U   |
[   17.102583] cloud-init[630]: ci-info: |   4   |   ff00::/8  |    ::   |   enp0s3  |   U   |
[   17.105212] cloud-init[630]: ci-info: +-------+-------------+---------+-----------+-------+
[   17.846249] cloud-init[630]: Generating public/private rsa key pair.
[   17.868460] cloud-init[630]: Your identification has been saved in /etc/ssh/ssh_host_rsa_key.
[   17.892357] cloud-init[630]: Your public key has been saved in /etc/ssh/ssh_host_rsa_key.pub.
[   17.912286] cloud-init[630]: The key fingerprint is:
[[0;32m  OK  [0m] Started Initial cloud-init job (metadata service crawler).
[[0;32m  OK  [0m] Reached target Network is Online.
[   17.934562] cloud-init[630]: SHA256:UU4PmuT2hVK3SJvKSraVvbKED89eGJ2KBDrDUtncLcE root@ubuntu-bionic
         Starting Availability of block devices...
[[0;32m  OK  [0m] Reached target Remote File Systems (Pre).
[   17.995566] cloud-init[630]: The key's randomart image is:
[   18.036245] cloud-init[630]: +---[RSA 2048]----+
[[0;32m  OK  [0m] Reached target Remote File Systems.
[[0;32m  OK  [0m] Reached target Cloud-config availability.
[   18.058488] cloud-init[630]: |     .. . * .    |
[   18.068759] cloud-init[630]: |   + .E= O O .   |
[[0;32m  OK  [0m] Reached target System Initialization.
[   18.072044] cloud-init[630]: [[0;32m  OK  [0m] Started Message of the Day.|  o + o O * +    |
[   18.094276] cloud-init[630]: | o . . + O o     |
[   18.094398] cloud-init[630]: |. =   + S =      |
[   18.094485] cloud-init[630]: | . o + * + .     |
[   18.094603] cloud-init[630]: |      * = o      |
[   18.094699] cloud-init[630]: |       * +       |
[   18.094785] cloud-init[630]: |       .*        |
[   18.094865] cloud-init[630]: +----[SHA256]-----+
[   18.094945] cloud-init[630]: Generating public/private dsa key pair.
[   18.095028] cloud-init[630]: Your identification has been saved in /etc/ssh/ssh_host_dsa_key.
[   18.095123] cloud-init[630]: Your public key has been saved in /etc/ssh/ssh_host_dsa_key.pub.
[   18.095207] cloud-init[630]: The key fingerprint is:
[   18.095286] cloud-init[630]: SHA256:2N+R0wcoMLaW54ZjV2iGGqJDVhaIp/JPkhHkjoUC2s8 root@ubuntu-bionic
[   18.095366] cloud-init[630]: The key's randomart image is:
[   18.095448] cloud-init[630]: +---[DSA 1024]----+
[   18.095581] cloud-init[630]: |.o..+.  +        |
[   18.095691] cloud-init[630]: |+++o   . * . .   |
[   18.095787] cloud-init[630]: |+o*.. . = * o .  |
[   18.095891] cloud-init[630]: |+*.+ . * * o o . |
[   18.095974] cloud-init[630]: |o.+oE o S + + . .|
[   18.096120] cloud-init[630]: |  +..  . = . o . |
[   18.096210] cloud-init[630]: |   +      . .    |
[   18.096296] cloud-init[630]: |    .            |
[   18.096379] cloud-init[630]: |                 |
[   18.096459] cloud-init[630]: +----[SHA256]-----+
[   18.096560] cloud-init[630]: Generating public/private ecdsa key pair.
[   18.096648] cloud-init[630]: Your identification has been saved in /etc/ssh/ssh_host_ecdsa_key.
[   18.096732] cloud-init[630]: Your public key has been saved in /etc/ssh/ssh_host_ecdsa_key.pub.
[   18.096816] cloud-init[630]: The key fingerprint is:
[   18.096905] cloud-init[630]: SHA256:IqJYyPxHiIj+7GL9BIFtj7zE64pYuZ5z4A8XH7sENPE root@ubuntu-bionic
[   18.096990] cloud-init[630]: The key's randomart image is:
[   18.097070] cloud-init[630]: +---[ECDSA 256]---+
[   18.097156] cloud-init[630]: |    .            |
[   18.097270] cloud-init[630]: |  o  o           |
[   18.097379] cloud-init[630]: | . +o E          |
[   18.098154] cloud-init[630]: |=.=.=.           |
[   18.098237] cloud-init[630]: |++oB+oo S        |
[   18.098319] cloud-init[630]: |oo+o== +         |
[   18.098404] cloud-init[630]: |oo==.o+          |
[   18.098514] cloud-init[630]: |o+**+. .         |
[   18.098597] cloud-init[630]: |+oBOo..          |
[   18.098683] cloud-init[630]: +----[SHA256]-----+
[   18.098762] cloud-init[630]: Generating public/private ed25519 key pair.
[   18.098845] cloud-init[630]: Your identification has been saved in /etc/ssh/ssh_host_ed25519_key.
[   18.098925] cloud-init[630]: Your public key has been saved in /etc/ssh/ssh_host_ed25519_key.pub.
[   18.099008] cloud-init[630]: The key fingerprint is:
[   18.099089] cloud-init[630]: SHA256:/iHzlzoE0KSZAkI2JMdhJb6maWsPWS4pL7J+K96PL6U root@ubuntu-bionic
[   18.099174] cloud-init[630]: The key's randomart image is:
[   18.099254] cloud-init[630]: +--[ED25519 256]--+
[   18.099336] cloud-init[630]: |=**o.  o.        |
[   18.099438] cloud-init[630]: |o=oo  .+.        |
[   18.099519] cloud-init[630]: |  . . +.         |
[   18.099602] cloud-init[630]: |   . .  .        |
[   18.099686] cloud-init[630]: |  o.    S.       |
[   18.099767] cloud-init[630]: | +=  . .  .      |
[   18.099846] cloud-init[630]: |+* .o   +..  .   |
[   18.099933] cloud-init[630]: |=+=E.    =..o    |
[   18.100515] cloud-init[630]: |**===o    ++     |
[   18.100604] cloud-init[630]: +----[SHA256]-----+

[[0;32m  OK  [0m] Listening on Open-iSCSI iscsid Socket.
[[0;32m  OK  [0m] Listening on D-Bus System Message Bus Socket.
         Starting Socket activation for snappy daemon.
[[0;32m  OK  [0m] Started ACPI Events Check.
[[0;32m  OK  [0m] Reached target Paths.
[[0;32m  OK  [0m] Started Discard unused blocks once a week.
         Starting LXD - unix socket.
[[0;32m  OK  [0m] Listening on UUID daemon activation socket.
[[0;32m  OK  [0m] Listening on ACPID Listen Socket.
[[0;32m  OK  [0m] Started Daily apt download activities.
[[0;32m  OK  [0m] Started Daily apt upgrade and clean activities.
[[0;32m  OK  [0m] Started Daily Cleanup of Temporary Directories.
[[0;32m  OK  [0m] Reached target Timers.
[[0;32m  OK  [0m] Started Availability of block devices.
[[0;32m  OK  [0m] Listening on Socket activation for snappy daemon.
[[0;32m  OK  [0m] Listening on LXD - unix socket.
[[0;32m  OK  [0m] Reached target Sockets.
[[0;32m  OK  [0m] Reached target Basic System.
[[0;32m  OK  [0m] Started irqbalance daemon.
[[0;32m  OK  [0m] Started Regular background program processing daemon.
         Starting Pollinate to seed the pseudo random number generator...
         Starting Login Service...
         Starting System Logging Service...
         Starting LSB: Record successful boot for GRUB...
[[0;32m  OK  [0m] Started D-Bus System Message Bus.
         Starting Accounts Service...
[[0;32m  OK  [0m] Started Deferred execution scheduler.
         Starting Virtualbox guest utils...
         Starting LSB: automatic crash report generation...
         Starting LXD - container startup/shutdown...
[[0;32m  OK  [0m] Started FUSE filesystem for LXC.
         Starting Dispatcher daemon for systemd-networkd...
         Starting Permit User Sessions...
         Starting Snappy daemon...
[[0;32m  OK  [0m] Started System Logging Service.
[[0;32m  OK  [0m] Started Permit User Sessions.
[[0;32m  OK  [0m] Started Login Service.
         Starting Authorization Manager...
[[0;32m  OK  [0m] Started Unattended Upgrades Shutdown.
         Starting Terminate Plymouth Boot Screen...
         Starting Hold until boot process finishes up...
[[0;32m  OK  [0m] Started LXD - container startup/shutdown.
[[0;32m  OK  [0m] Started Terminate Plymouth Boot Screen.
[[0;32m  OK  [0m] Started Hold until boot process finishes up.
[[0;32m  OK  [0m] Started Serial Getty on ttyS0.
         Starting Set console scheme...
[[0;32m  OK  [0m] Started LSB: automatic crash report generation.
[[0;32m  OK  [0m] Started Set console scheme.
[[0;32m  OK  [0m] Started Authorization Manager.
[[0;32m  OK  [0m] Started Accounts Service.
[[0;32m  OK  [0m] Created slice system-getty.slice.
[[0;32m  OK  [0m] Started Getty on tty1.
[[0;32m  OK  [0m] Reached target Login Prompts.
[[0;32m  OK  [0m] Started LSB: Record successful boot for GRUB.
[[0;32m  OK  [0m] Started Virtualbox guest utils.
[[0;32m  OK  [0m] Started Dispatcher daemon for systemd-networkd.
[[0;32m  OK  [0m] Started Snappy daemon.
         Starting Wait until snapd is fully seeded...
[[0;32m  OK  [0m] Started Pollinate to seed the pseudo random number generator.
         Starting OpenBSD Secure Shell server...
[[0;32m  OK  [0m] Started OpenBSD Secure Shell server.
[[0;32m  OK  [0m] Created slice User Slice of vagrant.
         Starting User Manager for UID 1000...
[[0;32m  OK  [0m] Started Session 1 of user vagrant.
[[0;32m  OK  [0m] Started User Manager for UID 1000.

Ubuntu 18.04.2 LTS ubuntu-bionic ttyS0

ubuntu-bionic login: [   30.040220] cloud-init[1047]: Cloud-init v. 18.5-45-g3554ffe8-0ubuntu1~18.04.1 running 'modules:config' at Tue, 11 Jun 2019 21:48:57 +0000. Up 28.32 seconds.
ci-info: no authorized ssh keys fingerprints found for user ubuntu.
<14>Jun 11 21:49:01 ec2: 
<14>Jun 11 21:49:01 ec2: #############################################################
<14>Jun 11 21:49:01 ec2: -----BEGIN SSH HOST KEY FINGERPRINTS-----
<14>Jun 11 21:49:01 ec2: 1024 SHA256:2N+R0wcoMLaW54ZjV2iGGqJDVhaIp/JPkhHkjoUC2s8 root@ubuntu-bionic (DSA)
<14>Jun 11 21:49:01 ec2: 256 SHA256:IqJYyPxHiIj+7GL9BIFtj7zE64pYuZ5z4A8XH7sENPE root@ubuntu-bionic (ECDSA)
<14>Jun 11 21:49:01 ec2: 256 SHA256:/iHzlzoE0KSZAkI2JMdhJb6maWsPWS4pL7J+K96PL6U root@ubuntu-bionic (ED25519)
<14>Jun 11 21:49:01 ec2: 2048 SHA256:UU4PmuT2hVK3SJvKSraVvbKED89eGJ2KBDrDUtncLcE root@ubuntu-bionic (RSA)
<14>Jun 11 21:49:01 ec2: -----END SSH HOST KEY FINGERPRINTS-----
<14>Jun 11 21:49:01 ec2: #############################################################
-----BEGIN SSH HOST KEY KEYS-----
ecdsa-sha2-nistp256 AAAAE2VjZHNhLXNoYTItbmlzdHAyNTYAAAAIbmlzdHAyNTYAAABBBGrXFdowoH9fO6nh/23T/L0AibW+C9pu5XbD0Nrj4fJp5WzKd8Y3AoFc0dMkg+pJcoShh20pM1TZ45aDy+YDzhc= root@ubuntu-bionic
ssh-ed25519 AAAAC3NzaC1lZDI1NTE5AAAAILvvpIxO07a7g8mwtXPB8dprjlFWCMuhjAW/ZW49rHE9 root@ubuntu-bionic
ssh-rsa AAAAB3NzaC1yc2EAAAADAQABAAABAQDVg8uDghZG768Qdzu2gqLW6jSyidrQ7UwnqRagTTBzzLMaOMbM7rQ7gJbsUhi+r2n7MbJ6daYlYkk7iwK7KdE3ZI+ebyvBfFZzuSDi3qbsLiZHXeeVtBBjJNrdyElYfYTen3XIIA7ZQH5AaqHdvcRCZJuRseW08oF/PrzE5onfCCJMD/p8/6ozhs86SFCDR7kU9yiTwrb3w+V+zEjFOVj7fJol1+lqf9d9Ll6Mgt7XpnjOoPWzX2J1lqch1N92if4nVB5SyJSOBEQUSM+oN6Pvib0eQ87PlWmZvHvjRQM7rJBtOhTQv2hnJoXEafzI9vdXuuoHyna0ZAYQ4y2qKaKD root@ubuntu-bionic
-----END SSH HOST KEY KEYS-----
[   31.673026] cloud-init[1194]: Cloud-init v. 18.5-45-g3554ffe8-0ubuntu1~18.04.1 running 'modules:final' at Tue, 11 Jun 2019 21:49:00 +0000. Up 31.37 seconds.
[   31.673155] cloud-init[1194]: ci-info: no authorized ssh keys fingerprints found for user ubuntu.
[   31.673237] cloud-init[1194]: Cloud-init v. 18.5-45-g3554ffe8-0ubuntu1~18.04.1 finished at Tue, 11 Jun 2019 21:49:01 +0000. Datasource DataSourceNoCloud [seed=/dev/sdb][dsmode=net].  Up 31.65 seconds
